========================================
IRC Server Test Log - 2025-01-17 13:39:45 UTC
User: Trafexofive
Server: localhost:22200
Debug Mode: 1
Verbose Mode: 1
========================================

2025-01-17 14:39:45 - Test suite started
----------------------------------------
2025-01-17 14:39:45 - Starting IRC server
2025-01-17 14:39:47 - Server started successfully
2025-01-17 14:39:47 - Running test: SINGLE NORMAL CHANNEL JOIN
2025-01-17 14:39:47 - Running test: SINGLE NORMAL CHANNEL JOIN
2025-01-17 14:39:48 - Test 'SINGLE NORMAL CHANNEL JOIN' completed in 1s
2025-01-17 14:39:48 - Running test: MULTI CHANNEL/KEY JOIN
2025-01-17 14:39:48 - Running test: MULTI CHANNEL/KEY JOIN
2025-01-17 14:39:49 - Test 'MULTI CHANNEL/KEY JOIN' completed in 1s
2025-01-17 14:39:49 - Running test: MULTI CHANNEL/KEY JOIN
2025-01-17 14:39:49 - Running test: MULTI CHANNEL/KEY JOIN
2025-01-17 14:39:50 - Test 'MULTI CHANNEL/KEY JOIN' completed in 1s
2025-01-17 14:39:50 - Test suite shutting down
2025-01-17 14:39:50 - Stopping server (PID: 498729)
----------------------------------------
2025-01-17 14:39:50 - Stopping server (PID: 498729)
